#-----------------------------------------------------------
# Vivado v2012.2.1 (64-bit)
# Build 200253 by xbuild on Wed Aug 29 11:42:44 MDT 2012
# Start of session at: Fri Oct 19 11:52:09 2012
# Process ID: 12538
# Log file: /home/cms/projects/dp705v2/vivado/vivado.log
# Journal file: /home/cms/projects/dp705v2/vivado/vivado.jou
#-----------------------------------------------------------
start_gui
open_project /home/cms/projects/dp705v2/vivado/dpTest/dpTest.xpr
update_compile_order -fileset sources_1
update_files -from_files /home/cms/projects/dp705v2/rtl/mkFTop_dp705.v -to_files /home/cms/projects/dp705v2/vivado/dpTest/dpTest.srcs/sources_1/imports/dp705v2/rtl/mkFTop_dp705.v -filesets [get_filesets *]
update_files -from_files /home/cms/projects/dp705v2/rtl/mkBuffer.v -to_files /home/cms/projects/dp705v2/vivado/dpTest/dpTest.srcs/sources_1/imports/dp705v2/rtl/mkBuffer.v -filesets [get_filesets *]
update_files -from_files /home/cms/projects/dp705v2/rtl/mkChecker.v -to_files /home/cms/projects/dp705v2/vivado/dpTest/dpTest.srcs/sources_1/imports/dp705v2/rtl/mkChecker.v -filesets [get_filesets *]
update_files -from_files /home/cms/projects/dp705v2/rtl/mkFHReceiver.v -to_files /home/cms/projects/dp705v2/vivado/dpTest/dpTest.srcs/sources_1/imports/dp705v2/rtl/mkFHReceiver.v -filesets [get_filesets *]
update_files -from_files /home/cms/projects/dp705v2/rtl/mkFHSender.v -to_files /home/cms/projects/dp705v2/vivado/dpTest/dpTest.srcs/sources_1/imports/dp705v2/rtl/mkFHSender.v -filesets [get_filesets *]
update_files -from_files /home/cms/projects/dp705v2/rtl/mkGenerator.v -to_files /home/cms/projects/dp705v2/vivado/dpTest/dpTest.srcs/sources_1/imports/dp705v2/rtl/mkGenerator.v -filesets [get_filesets *]
update_files -from_files /home/cms/projects/dp705v2/rtl/mkGenerator.v -to_files /home/cms/projects/dp705v2/vivado/dpTest/dpTest.srcs/sources_1/imports/dp705v2/rtl/mkGenerator.v -filesets [get_filesets *]
update_files -from_files /home/cms/projects/dp705v2/rtl/mkMHReceiver.v -to_files /home/cms/projects/dp705v2/vivado/dpTest/dpTest.srcs/sources_1/imports/dp705v2/rtl/mkMHReceiver.v -filesets [get_filesets *]
update_files -from_files /home/cms/projects/dp705v2/rtl/mkMHSender.v -to_files /home/cms/projects/dp705v2/vivado/dpTest/dpTest.srcs/sources_1/imports/dp705v2/rtl/mkMHSender.v -filesets [get_filesets *]
reset_run synth_1
launch_runs synth_1
wait_on_run synth_1
launch_runs impl_1
wait_on_run impl_1
launch_runs impl_1 -to_step write_bitstream
wait_on_run impl_1
launch_impact 
launch_impact 
open_run impl_1
